// Jest Snapshot v1, https://goo.gl/fbAQLP

exports[`OAuth conformance human formatter snapshots the captured Asana failure without the raw HTML blob 1`] = `
"OAuth conformance: FAILED
Server: https://mcp.asana.com/v2/mcp
Flow: 2025-06-18 / dcr
Summary: OAuth conformance failed at received_authorization_code: Headless authorization requires auto-consent. The authorization endpoint returned a 200 response instead of redirecting back with a code.
Duration: 0ms
Steps: 8 passed steps, 1 failed step, 0 skipped steps

Failure
Step: received_authorization_code
Title: Authorization Code Received
Error: Headless authorization requires auto-consent. The authorization endpoint returned a 200 response instead of redirecting back with a code.
HTTP: 200 OK
URL: https://app.asana.com/-/oauth_authorize?response_type=code&client_id=mock-client-id-for-demo&redirect_uri=http%3A%2F%2F127.0.0.1%3A53524%2Fcallback&code_challenge=&code_challenge_method=S256&state=&resource=https%3A%2F%2Fmcp.asana.com%2Fv2%2Fmcp&scope=default
Content-Type: text/html; charset=UTF-8
Page title: Log in - Asana
Snippet: Welcome to Asana To get started, please sign in Continue with Google or Email address Continue Asana.com Support Integrations Forum Develop...
Hint: Authorization endpoint returned an HTML login page instead of redirecting back to the callback URL."
`;
